#0 building with "default" instance using docker driver

#1 [internal] load build definition from Dockerfile
#1 transferring dockerfile: 1.22kB 0.0s done
#1 DONE 0.0s

#2 [internal] load metadata for docker.io/library/ubuntu:24.04
#2 DONE 1.9s

#3 [internal] load .dockerignore
#3 transferring context: 2B 0.0s done
#3 DONE 0.0s

#4 [ 1/12] FROM docker.io/library/ubuntu:24.04@sha256:66460d557b25769b102175144d538d88219c077c678a49af4afca6fbfc1b5252
#4 resolve docker.io/library/ubuntu:24.04@sha256:66460d557b25769b102175144d538d88219c077c678a49af4afca6fbfc1b5252 0.0s done
#4 DONE 0.0s

#5 [ 2/12] WORKDIR /app
#5 CACHED

#6 [internal] load build context
#6 transferring context: 957B 0.0s done
#6 DONE 0.1s

#7 [ 3/12] RUN apt-get update && apt-get install -y --no-install-recommends     ca-certificates wget xz-utils tar libgl1 libx11-6 libxext6 libxrender1 libxrandr2 git python3 python3-pip python3-setuptools     && rm -rf /var/lib/apt/lists/*
#7 1.044 Get:1 http://security.ubuntu.com/ubuntu noble-security InRelease [126 kB]
#7 1.437 Get:2 http://archive.ubuntu.com/ubuntu noble InRelease [256 kB]
#7 3.781 Get:3 http://archive.ubuntu.com/ubuntu noble-updates InRelease [126 kB]
#7 4.201 Get:4 http://archive.ubuntu.com/ubuntu noble-backports InRelease [126 kB]
#7 4.679 Get:5 http://archive.ubuntu.com/ubuntu noble/universe amd64 Packages [19.3 MB]
#7 10.12 Get:6 http://security.ubuntu.com/ubuntu noble-security/multiverse amd64 Packages [33.1 kB]
#7 11.17 Get:7 http://security.ubuntu.com/ubuntu noble-security/universe amd64 Packages [1170 kB]
#7 18.37 Get:8 http://archive.ubuntu.com/ubuntu noble/restricted amd64 Packages [117 kB]
#7 18.38 Get:9 http://archive.ubuntu.com/ubuntu noble/multiverse amd64 Packages [331 kB]
#7 18.38 Get:10 http://archive.ubuntu.com/ubuntu noble/main amd64 Packages [1808 kB]
#7 20.37 Get:11 http://archive.ubuntu.com/ubuntu noble-updates/multiverse amd64 Packages [35.9 kB]
#7 20.37 Get:12 http://archive.ubuntu.com/ubuntu noble-updates/main amd64 Packages [2001 kB]
#7 22.12 Get:13 http://archive.ubuntu.com/ubuntu noble-updates/restricted amd64 Packages [2842 kB]
#7 25.08 Get:14 http://archive.ubuntu.com/ubuntu noble-updates/universe amd64 Packages [1939 kB]
#7 25.97 Get:15 http://archive.ubuntu.com/ubuntu noble-backports/universe amd64 Packages [33.9 kB]
#7 25.97 Get:16 http://archive.ubuntu.com/ubuntu noble-backports/main amd64 Packages [49.4 kB]
#7 32.78 Get:17 http://security.ubuntu.com/ubuntu noble-security/restricted amd64 Packages [2703 kB]
#7 51.28 Get:18 http://security.ubuntu.com/ubuntu noble-security/main amd64 Packages [1635 kB]
#7 53.58 Fetched 34.6 MB in 52s (669 kB/s)
#7 53.58 Reading package lists...
#7 54.64 Reading package lists...
#7 55.65 Building dependency tree...
#7 55.87 Reading state information...
#7 56.18 tar is already the newest version (1.35+dfsg-3build1).
#7 56.18 The following additional packages will be installed:
#7 56.18   git-man libbrotli1 libbsd0 libcurl3t64-gnutls libdrm-amdgpu1 libdrm-common
#7 56.18   libdrm-intel1 libdrm2 libedit2 libelf1t64 liberror-perl libexpat1 libgbm1
#7 56.18   libgdbm-compat4t64 libgdbm6t64 libgl1-mesa-dri libglvnd0 libglx-mesa0
#7 56.18   libglx0 libgssapi-krb5-2 libicu74 libk5crypto3 libkeyutils1 libkrb5-3
#7 56.18   libkrb5support0 libldap2 libllvm20 libnghttp2-14 libpciaccess0
#7 56.18   libperl5.38t64 libpsl5t64 libpython3-stdlib libpython3.12-minimal
#7 56.18   libpython3.12-stdlib libreadline8t64 librtmp1 libsasl2-2 libsasl2-modules-db
#7 56.18   libsensors-config libsensors5 libsqlite3-0 libssh-4 libvulkan1
#7 56.18   libwayland-server0 libx11-data libx11-xcb1 libxau6 libxcb-dri3-0 libxcb-glx0
#7 56.18   libxcb-present0 libxcb-randr0 libxcb-shm0 libxcb-sync1 libxcb-xfixes0
#7 56.18   libxcb1 libxdmcp6 libxml2 libxshmfence1 libxxf86vm1 media-types
#7 56.18   mesa-libgallium netbase openssl perl perl-modules-5.38 python3-minimal
#7 56.18   python3-pkg-resources python3-wheel python3.12 python3.12-minimal
#7 56.18   readline-common tzdata
#7 56.19 Suggested packages:
#7 56.19   gettext-base git-daemon-run | git-daemon-sysvinit git-doc git-email git-gui
#7 56.19   gitk gitweb git-cvs git-mediawiki git-svn gdbm-l10n krb5-doc krb5-user
#7 56.19   pciutils lm-sensors perl-doc libterm-readline-gnu-perl
#7 56.19   | libterm-readline-perl-perl make libtap-harness-archive-perl python3-doc
#7 56.19   python3-tk python3-venv python-setuptools-doc python3.12-venv python3.12-doc
#7 56.19   binutils binfmt-support readline-doc
#7 56.19 Recommended packages:
#7 56.19   patch less ssh-client krb5-locales libldap-common publicsuffix
#7 56.19   libsasl2-modules mesa-vulkan-drivers | vulkan-icd build-essential
#7 56.19   python3-dev
#7 56.35 The following NEW packages will be installed:
#7 56.35   ca-certificates git git-man libbrotli1 libbsd0 libcurl3t64-gnutls
#7 56.35   libdrm-amdgpu1 libdrm-common libdrm-intel1 libdrm2 libedit2 libelf1t64
#7 56.35   liberror-perl libexpat1 libgbm1 libgdbm-compat4t64 libgdbm6t64 libgl1
#7 56.35   libgl1-mesa-dri libglvnd0 libglx-mesa0 libglx0 libgssapi-krb5-2 libicu74
#7 56.35   libk5crypto3 libkeyutils1 libkrb5-3 libkrb5support0 libldap2 libllvm20
#7 56.35   libnghttp2-14 libpciaccess0 libperl5.38t64 libpsl5t64 libpython3-stdlib
#7 56.35   libpython3.12-minimal libpython3.12-stdlib libreadline8t64 librtmp1
#7 56.35   libsasl2-2 libsasl2-modules-db libsensors-config libsensors5 libsqlite3-0
#7 56.35   libssh-4 libvulkan1 libwayland-server0 libx11-6 libx11-data libx11-xcb1
#7 56.35   libxau6 libxcb-dri3-0 libxcb-glx0 libxcb-present0 libxcb-randr0 libxcb-shm0
#7 56.35   libxcb-sync1 libxcb-xfixes0 libxcb1 libxdmcp6 libxext6 libxml2 libxrandr2
#7 56.35   libxrender1 libxshmfence1 libxxf86vm1 media-types mesa-libgallium netbase
#7 56.35   openssl perl perl-modules-5.38 python3 python3-minimal python3-pip
#7 56.35   python3-pkg-resources python3-setuptools python3-wheel python3.12
#7 56.36   python3.12-minimal readline-common tzdata wget xz-utils
#7 58.20 0 upgraded, 84 newly installed, 0 to remove and 2 not upgraded.
#7 58.20 Need to get 80.4 MB of archives.
#7 58.20 After this operation, 355 MB of additional disk space will be used.
#7 58.20 Get:1 http://archive.ubuntu.com/ubuntu noble-updates/main amd64 libpython3.12-minimal amd64 3.12.3-1ubuntu0.8 [836 kB]
#7 67.73 Get:2 http://archive.ubuntu.com/ubuntu noble-updates/main amd64 libexpat1 amd64 2.6.1-2ubuntu0.3 [88.0 kB]
#7 69.22 Get:3 http://archive.ubuntu.com/ubuntu noble-updates/main amd64 python3.12-minimal amd64 3.12.3-1ubuntu0.8 [2334 kB]
#7 88.36 Get:4 http://archive.ubuntu.com/ubuntu noble-updates/main amd64 python3-minimal amd64 3.12.3-0ubuntu2 [27.4 kB]
#7 88.36 Get:5 http://archive.ubuntu.com/ubuntu noble/main amd64 media-types all 10.1.0 [27.5 kB]
#7 88.37 Get:6 http://archive.ubuntu.com/ubuntu noble/main amd64 netbase all 6.4 [13.1 kB]
#7 88.37 Get:7 http://archive.ubuntu.com/ubuntu noble-updates/main amd64 tzdata all 2025b-0ubuntu0.24.04.1 [276 kB]
#7 89.90 Get:8 http://archive.ubuntu.com/ubuntu noble/main amd64 readline-common all 8.2-4build1 [56.5 kB]
#7 90.59 Get:9 http://archive.ubuntu.com/ubuntu noble/main amd64 libreadline8t64 amd64 8.2-4build1 [153 kB]
#7 91.33 Get:10 http://archive.ubuntu.com/ubuntu noble-updates/main amd64 libsqlite3-0 amd64 3.45.1-1ubuntu2.5 [701 kB]
#7 98.29 Get:11 http://archive.ubuntu.com/ubuntu noble-updates/main amd64 libpython3.12-stdlib amd64 3.12.3-1ubuntu0.8 [2068 kB]
#7 113.4 Get:12 http://archive.ubuntu.com/ubuntu noble-updates/main amd64 python3.12 amd64 3.12.3-1ubuntu0.8 [651 kB]
#7 117.4 Get:13 http://archive.ubuntu.com/ubuntu noble-updates/main amd64 libpython3-stdlib amd64 3.12.3-0ubuntu2 [10.0 kB]
#7 117.4 Get:14 http://archive.ubuntu.com/ubuntu noble-updates/main amd64 python3 amd64 3.12.3-0ubuntu2 [23.0 kB]
#7 119.8 Get:15 http://archive.ubuntu.com/ubuntu noble-updates/main amd64 perl-modules-5.38 all 5.38.2-3.2ubuntu0.2 [3110 kB]
#7 146.6 Get:16 http://archive.ubuntu.com/ubuntu noble/main amd64 libgdbm6t64 amd64 1.23-5.1build1 [34.4 kB]
#7 146.8 Get:17 http://archive.ubuntu.com/ubuntu noble/main amd64 libgdbm-compat4t64 amd64 1.23-5.1build1 [6710 B]
#7 146.8 Get:18 http://archive.ubuntu.com/ubuntu noble-updates/main amd64 libperl5.38t64 amd64 5.38.2-3.2ubuntu0.2 [4874 kB]
#7 184.7 Get:19 http://archive.ubuntu.com/ubuntu noble-updates/main amd64 perl amd64 5.38.2-3.2ubuntu0.2 [231 kB]
#7 188.2 Get:20 http://archive.ubuntu.com/ubuntu noble-updates/main amd64 openssl amd64 3.0.13-0ubuntu3.6 [1003 kB]
#7 190.2 Get:21 http://archive.ubuntu.com/ubuntu noble/main amd64 ca-certificates all 20240203 [159 kB]
#7 190.4 Get:22 http://archive.ubuntu.com/ubuntu noble-updates/main amd64 libbsd0 amd64 0.12.1-1build1.1 [41.2 kB]
#7 190.6 Get:23 http://archive.ubuntu.com/ubuntu noble-updates/main amd64 libelf1t64 amd64 0.190-1.1ubuntu0.1 [57.8 kB]
#7 190.9 Get:24 http://archive.ubuntu.com/ubuntu noble-updates/main amd64 libkrb5support0 amd64 1.20.1-6ubuntu2.6 [34.4 kB]
#7 191.1 Get:25 http://archive.ubuntu.com/ubuntu noble-updates/main amd64 libk5crypto3 amd64 1.20.1-6ubuntu2.6 [82.0 kB]
#7 191.3 Get:26 http://archive.ubuntu.com/ubuntu noble/main amd64 libkeyutils1 amd64 1.6.3-3build1 [9490 B]
#7 191.5 Get:27 http://archive.ubuntu.com/ubuntu noble-updates/main amd64 libkrb5-3 amd64 1.20.1-6ubuntu2.6 [348 kB]
#7 191.8 Get:28 http://archive.ubuntu.com/ubuntu noble-updates/main amd64 libgssapi-krb5-2 amd64 1.20.1-6ubuntu2.6 [143 kB]
#7 192.1 Get:29 http://archive.ubuntu.com/ubuntu noble-updates/main amd64 libicu74 amd64 74.2-1ubuntu3.1 [10.9 MB]
#7 196.3 Get:30 http://archive.ubuntu.com/ubuntu noble-updates/main amd64 libxml2 amd64 2.9.14+dfsg-1.3ubuntu3.6 [763 kB]
#7 198.7 Get:31 http://archive.ubuntu.com/ubuntu noble-updates/main amd64 python3-pkg-resources all 68.1.2-2ubuntu1.2 [168 kB]
#7 199.0 Get:32 http://archive.ubuntu.com/ubuntu noble-updates/main amd64 libdrm-common all 2.4.122-1~ubuntu0.24.04.1 [8406 B]
#7 199.2 Get:33 http://archive.ubuntu.com/ubuntu noble-updates/main amd64 libdrm2 amd64 2.4.122-1~ubuntu0.24.04.1 [40.6 kB]
#7 199.4 Get:34 http://archive.ubuntu.com/ubuntu noble/main amd64 libedit2 amd64 3.1-20230828-1build1 [97.6 kB]
#7 199.7 Get:35 http://archive.ubuntu.com/ubuntu noble-updates/main amd64 libnghttp2-14 amd64 1.59.0-1ubuntu0.2 [74.3 kB]
#7 200.0 Get:36 http://archive.ubuntu.com/ubuntu noble/main amd64 libpsl5t64 amd64 0.21.2-1.1build1 [57.1 kB]
#7 200.4 Get:37 http://archive.ubuntu.com/ubuntu noble/main amd64 libsensors-config all 1:3.6.0-9build1 [5546 B]
#7 200.6 Get:38 http://archive.ubuntu.com/ubuntu noble/main amd64 libsensors5 amd64 1:3.6.0-9build1 [26.6 kB]
#7 200.9 Get:39 http://archive.ubuntu.com/ubuntu noble/main amd64 libxau6 amd64 1:1.0.9-1build6 [7160 B]
#7 201.3 Get:40 http://archive.ubuntu.com/ubuntu noble/main amd64 libxdmcp6 amd64 1:1.1.3-0ubuntu6 [10.3 kB]
#7 201.5 Get:41 http://archive.ubuntu.com/ubuntu noble/main amd64 libxcb1 amd64 1.15-1ubuntu2 [47.7 kB]
#7 201.8 Get:42 http://archive.ubuntu.com/ubuntu noble/main amd64 libx11-data all 2:1.8.7-1build1 [115 kB]
#7 202.2 Get:43 http://archive.ubuntu.com/ubuntu noble/main amd64 libx11-6 amd64 2:1.8.7-1build1 [650 kB]
#7 203.0 Get:44 http://archive.ubuntu.com/ubuntu noble/main amd64 libxext6 amd64 2:1.3.4-1build2 [30.4 kB]
#7 203.3 Get:45 http://archive.ubuntu.com/ubuntu noble-updates/main amd64 wget amd64 1.21.4-1ubuntu4.1 [334 kB]
#7 203.8 Get:46 http://archive.ubuntu.com/ubuntu noble-updates/main amd64 xz-utils amd64 5.6.1+really5.4.5-1ubuntu0.2 [267 kB]
#7 204.5 Get:47 http://archive.ubuntu.com/ubuntu noble/main amd64 libbrotli1 amd64 1.1.0-2build2 [331 kB]
#7 204.9 Get:48 http://archive.ubuntu.com/ubuntu noble-updates/main amd64 libsasl2-modules-db amd64 2.1.28+dfsg1-5ubuntu3.1 [20.4 kB]
#7 205.1 Get:49 http://archive.ubuntu.com/ubuntu noble-updates/main amd64 libsasl2-2 amd64 2.1.28+dfsg1-5ubuntu3.1 [53.2 kB]
#7 205.4 Get:50 http://archive.ubuntu.com/ubuntu noble-updates/main amd64 libldap2 amd64 2.6.7+dfsg-1~exp1ubuntu8.2 [196 kB]
#7 205.7 Get:51 http://archive.ubuntu.com/ubuntu noble/main amd64 librtmp1 amd64 2.4+20151223.gitfa8646d.1-2build7 [56.3 kB]
#7 206.0 Get:52 http://archive.ubuntu.com/ubuntu noble-updates/main amd64 libssh-4 amd64 0.10.6-2ubuntu0.2 [188 kB]
#7 206.3 Get:53 http://archive.ubuntu.com/ubuntu noble-updates/main amd64 libcurl3t64-gnutls amd64 8.5.0-2ubuntu10.6 [333 kB]
#7 206.7 Get:54 http://archive.ubuntu.com/ubuntu noble/main amd64 liberror-perl all 0.17029-2 [25.6 kB]
#7 206.9 Get:55 http://archive.ubuntu.com/ubuntu noble-updates/main amd64 git-man all 1:2.43.0-1ubuntu7.3 [1100 kB]
#7 207.8 Get:56 http://archive.ubuntu.com/ubuntu noble-updates/main amd64 git amd64 1:2.43.0-1ubuntu7.3 [3680 kB]
#7 209.8 Get:57 http://archive.ubuntu.com/ubuntu noble-updates/main amd64 libdrm-amdgpu1 amd64 2.4.122-1~ubuntu0.24.04.1 [20.7 kB]
#7 210.0 Get:58 http://archive.ubuntu.com/ubuntu noble-updates/main amd64 libpciaccess0 amd64 0.17-3ubuntu0.24.04.2 [18.9 kB]
#7 210.2 Get:59 http://archive.ubuntu.com/ubuntu noble-updates/main amd64 libdrm-intel1 amd64 2.4.122-1~ubuntu0.24.04.1 [63.8 kB]
#7 210.5 Get:60 http://archive.ubuntu.com/ubuntu noble/main amd64 libwayland-server0 amd64 1.22.0-2.1build1 [33.9 kB]
#7 210.8 Get:61 http://archive.ubuntu.com/ubuntu noble-updates/main amd64 libllvm20 amd64 1:20.1.2-0ubuntu1~24.04.2 [30.6 MB]
#7 223.7 Get:62 http://archive.ubuntu.com/ubuntu noble/main amd64 libx11-xcb1 amd64 2:1.8.7-1build1 [7800 B]
#7 224.0 Get:63 http://archive.ubuntu.com/ubuntu noble/main amd64 libxcb-dri3-0 amd64 1.15-1ubuntu2 [7142 B]
#7 224.3 Get:64 http://archive.ubuntu.com/ubuntu noble/main amd64 libxcb-present0 amd64 1.15-1ubuntu2 [5676 B]
#7 224.5 Get:65 http://archive.ubuntu.com/ubuntu noble/main amd64 libxcb-randr0 amd64 1.15-1ubuntu2 [17.9 kB]
#7 224.8 Get:66 http://archive.ubuntu.com/ubuntu noble/main amd64 libxcb-sync1 amd64 1.15-1ubuntu2 [9312 B]
#7 225.0 Get:67 http://archive.ubuntu.com/ubuntu noble/main amd64 libxcb-xfixes0 amd64 1.15-1ubuntu2 [10.2 kB]
#7 225.3 Get:68 http://archive.ubuntu.com/ubuntu noble/main amd64 libxshmfence1 amd64 1.3-1build5 [4764 B]
#7 225.5 Get:69 http://archive.ubuntu.com/ubuntu noble-updates/main amd64 mesa-libgallium amd64 25.0.7-0ubuntu0.24.04.2 [10.3 MB]
#7 231.3 Get:70 http://archive.ubuntu.com/ubuntu noble-updates/main amd64 libgbm1 amd64 25.0.7-0ubuntu0.24.04.2 [32.7 kB]
#7 231.6 Get:71 http://archive.ubuntu.com/ubuntu noble/main amd64 libvulkan1 amd64 1.3.275.0-1build1 [142 kB]
#7 231.9 Get:72 http://archive.ubuntu.com/ubuntu noble-updates/main amd64 libgl1-mesa-dri amd64 25.0.7-0ubuntu0.24.04.2 [35.8 kB]
#7 232.3 Get:73 http://archive.ubuntu.com/ubuntu noble/main amd64 libxcb-glx0 amd64 1.15-1ubuntu2 [24.8 kB]
#7 232.7 Get:74 http://archive.ubuntu.com/ubuntu noble/main amd64 libxcb-shm0 amd64 1.15-1ubuntu2 [5756 B]
#7 232.9 Get:75 http://archive.ubuntu.com/ubuntu noble/main amd64 libxxf86vm1 amd64 1:1.1.4-1build4 [9282 B]
#7 233.2 Get:76 http://archive.ubuntu.com/ubuntu noble-updates/main amd64 libglx-mesa0 amd64 25.0.7-0ubuntu0.24.04.2 [141 kB]
#7 233.9 Get:77 http://archive.ubuntu.com/ubuntu noble/main amd64 libxrender1 amd64 1:0.9.10-1.1build1 [19.0 kB]
#7 234.1 Get:78 http://archive.ubuntu.com/ubuntu noble/main amd64 libxrandr2 amd64 2:1.5.2-2build1 [19.7 kB]
#7 234.4 Get:79 http://archive.ubuntu.com/ubuntu noble-updates/main amd64 python3-setuptools all 68.1.2-2ubuntu1.2 [397 kB]
#7 235.1 Get:80 http://archive.ubuntu.com/ubuntu noble/universe amd64 python3-wheel all 0.42.0-2 [53.1 kB]
#7 235.3 Get:81 http://archive.ubuntu.com/ubuntu noble-updates/universe amd64 python3-pip all 24.0+dfsg-1ubuntu1.3 [1320 kB]
#7 236.0 Get:82 http://archive.ubuntu.com/ubuntu noble/main amd64 libglvnd0 amd64 1.7.0-1build1 [69.6 kB]
#7 236.2 Get:83 http://archive.ubuntu.com/ubuntu noble/main amd64 libglx0 amd64 1.7.0-1build1 [38.6 kB]
#7 236.5 Get:84 http://archive.ubuntu.com/ubuntu noble/main amd64 libgl1 amd64 1.7.0-1build1 [102 kB]
#7 236.7 debconf: delaying package configuration, since apt-utils is not installed
#7 236.8 Fetched 80.4 MB in 2min 56s (456 kB/s)
#7 236.8 Selecting previously unselected package libpython3.12-minimal:amd64.
#7 236.8 (Reading database ... (Reading database ... 5%(Reading database ... 10%(Reading database ... 15%(Reading database ... 20%(Reading database ... 25%(Reading database ... 30%(Reading database ... 35%(Reading database ... 40%(Reading database ... 45%(Reading database ... 50%(Reading database ... 55%(Reading database ... 60%(Reading database ... 65%(Reading database ... 70%(Reading database ... 75%(Reading database ... 80%(Reading database ... 85%(Reading database ... 90%(Reading database ... 95%(Reading database ... 100%(Reading database ... 4381 files and directories currently installed.)
#7 236.8 Preparing to unpack .../libpython3.12-minimal_3.12.3-1ubuntu0.8_amd64.deb ...
#7 236.8 Unpacking libpython3.12-minimal:amd64 (3.12.3-1ubuntu0.8) ...
#7 237.0 Selecting previously unselected package libexpat1:amd64.
#7 237.0 Preparing to unpack .../libexpat1_2.6.1-2ubuntu0.3_amd64.deb ...
#7 237.0 Unpacking libexpat1:amd64 (2.6.1-2ubuntu0.3) ...
#7 237.0 Selecting previously unselected package python3.12-minimal.
#7 237.0 Preparing to unpack .../python3.12-minimal_3.12.3-1ubuntu0.8_amd64.deb ...
#7 237.0 Unpacking python3.12-minimal (3.12.3-1ubuntu0.8) ...
#7 237.1 Setting up libpython3.12-minimal:amd64 (3.12.3-1ubuntu0.8) ...
#7 237.1 Setting up libexpat1:amd64 (2.6.1-2ubuntu0.3) ...
#7 237.1 Setting up python3.12-minimal (3.12.3-1ubuntu0.8) ...
#7 238.0 Selecting previously unselected package python3-minimal.
#7 238.0 (Reading database ... (Reading database ... 5%(Reading database ... 10%(Reading database ... 15%(Reading database ... 20%(Reading database ... 25%(Reading database ... 30%(Reading database ... 35%(Reading database ... 40%(Reading database ... 45%(Reading database ... 50%(Reading database ... 55%(Reading database ... 60%(Reading database ... 65%(Reading database ... 70%(Reading database ... 75%(Reading database ... 80%(Reading database ... 85%(Reading database ... 90%(Reading database ... 95%(Reading database ... 100%(Reading database ... 4700 files and directories currently installed.)
#7 238.0 Preparing to unpack .../0-python3-minimal_3.12.3-0ubuntu2_amd64.deb ...
#7 238.0 Unpacking python3-minimal (3.12.3-0ubuntu2) ...
#7 238.1 Selecting previously unselected package media-types.
#7 238.1 Preparing to unpack .../1-media-types_10.1.0_all.deb ...
#7 238.1 Unpacking media-types (10.1.0) ...
#7 238.1 Selecting previously unselected package netbase.
#7 238.1 Preparing to unpack .../2-netbase_6.4_all.deb ...
#7 238.1 Unpacking netbase (6.4) ...
#7 238.1 Selecting previously unselected package tzdata.
#7 238.1 Preparing to unpack .../3-tzdata_2025b-0ubuntu0.24.04.1_all.deb ...
#7 238.1 Unpacking tzdata (2025b-0ubuntu0.24.04.1) ...
#7 238.2 Selecting previously unselected package readline-common.
#7 238.2 Preparing to unpack .../4-readline-common_8.2-4build1_all.deb ...
#7 238.3 Unpacking readline-common (8.2-4build1) ...
#7 238.3 Selecting previously unselected package libreadline8t64:amd64.
#7 238.3 Preparing to unpack .../5-libreadline8t64_8.2-4build1_amd64.deb ...
#7 238.3 Adding 'diversion of /lib/x86_64-linux-gnu/libhistory.so.8 to /lib/x86_64-linux-gnu/libhistory.so.8.usr-is-merged by libreadline8t64'
#7 238.3 Adding 'diversion of /lib/x86_64-linux-gnu/libhistory.so.8.2 to /lib/x86_64-linux-gnu/libhistory.so.8.2.usr-is-merged by libreadline8t64'
#7 238.3 Adding 'diversion of /lib/x86_64-linux-gnu/libreadline.so.8 to /lib/x86_64-linux-gnu/libreadline.so.8.usr-is-merged by libreadline8t64'
#7 238.3 Adding 'diversion of /lib/x86_64-linux-gnu/libreadline.so.8.2 to /lib/x86_64-linux-gnu/libreadline.so.8.2.usr-is-merged by libreadline8t64'
#7 238.3 Unpacking libreadline8t64:amd64 (8.2-4build1) ...
#7 238.4 Selecting previously unselected package libsqlite3-0:amd64.
#7 238.4 Preparing to unpack .../6-libsqlite3-0_3.45.1-1ubuntu2.5_amd64.deb ...
#7 238.4 Unpacking libsqlite3-0:amd64 (3.45.1-1ubuntu2.5) ...
#7 238.4 Selecting previously unselected package libpython3.12-stdlib:amd64.
#7 238.4 Preparing to unpack .../7-libpython3.12-stdlib_3.12.3-1ubuntu0.8_amd64.deb ...
#7 238.4 Unpacking libpython3.12-stdlib:amd64 (3.12.3-1ubuntu0.8) ...
#7 238.5 Selecting previously unselected package python3.12.
#7 238.5 Preparing to unpack .../8-python3.12_3.12.3-1ubuntu0.8_amd64.deb ...
#7 238.5 Unpacking python3.12 (3.12.3-1ubuntu0.8) ...
#7 238.6 Selecting previously unselected package libpython3-stdlib:amd64.
#7 238.6 Preparing to unpack .../9-libpython3-stdlib_3.12.3-0ubuntu2_amd64.deb ...
#7 238.6 Unpacking libpython3-stdlib:amd64 (3.12.3-0ubuntu2) ...
#7 238.6 Setting up python3-minimal (3.12.3-0ubuntu2) ...
#7 238.8 Selecting previously unselected package python3.
#7 238.8 (Reading database ... (Reading database ... 5%(Reading database ... 10%(Reading database ... 15%(Reading database ... 20%(Reading database ... 25%(Reading database ... 30%(Reading database ... 35%(Reading database ... 40%(Reading database ... 45%(Reading database ... 50%(Reading database ... 55%(Reading database ... 60%(Reading database ... 65%(Reading database ... 70%(Reading database ... 75%(Reading database ... 80%(Reading database ... 85%(Reading database ... 90%(Reading database ... 95%(Reading database ... 100%(Reading database ... 5706 files and directories currently installed.)
#7 238.8 Preparing to unpack .../00-python3_3.12.3-0ubuntu2_amd64.deb ...
#7 238.8 Unpacking python3 (3.12.3-0ubuntu2) ...
#7 238.8 Selecting previously unselected package perl-modules-5.38.
#7 238.8 Preparing to unpack .../01-perl-modules-5.38_5.38.2-3.2ubuntu0.2_all.deb ...
#7 238.8 Unpacking perl-modules-5.38 (5.38.2-3.2ubuntu0.2) ...
#7 239.1 Selecting previously unselected package libgdbm6t64:amd64.
#7 239.1 Preparing to unpack .../02-libgdbm6t64_1.23-5.1build1_amd64.deb ...
#7 239.2 Unpacking libgdbm6t64:amd64 (1.23-5.1build1) ...
#7 239.2 Selecting previously unselected package libgdbm-compat4t64:amd64.
#7 239.2 Preparing to unpack .../03-libgdbm-compat4t64_1.23-5.1build1_amd64.deb ...
#7 239.2 Unpacking libgdbm-compat4t64:amd64 (1.23-5.1build1) ...
#7 239.2 Selecting previously unselected package libperl5.38t64:amd64.
#7 239.2 Preparing to unpack .../04-libperl5.38t64_5.38.2-3.2ubuntu0.2_amd64.deb ...
#7 239.2 Unpacking libperl5.38t64:amd64 (5.38.2-3.2ubuntu0.2) ...
#7 239.5 Selecting previously unselected package perl.
#7 239.5 Preparing to unpack .../05-perl_5.38.2-3.2ubuntu0.2_amd64.deb ...
#7 239.5 Unpacking perl (5.38.2-3.2ubuntu0.2) ...
#7 239.5 Selecting previously unselected package openssl.
#7 239.5 Preparing to unpack .../06-openssl_3.0.13-0ubuntu3.6_amd64.deb ...
#7 239.5 Unpacking openssl (3.0.13-0ubuntu3.6) ...
#7 239.6 Selecting previously unselected package ca-certificates.
#7 239.6 Preparing to unpack .../07-ca-certificates_20240203_all.deb ...
#7 239.6 Unpacking ca-certificates (20240203) ...
#7 239.6 Selecting previously unselected package libbsd0:amd64.
#7 239.7 Preparing to unpack .../08-libbsd0_0.12.1-1build1.1_amd64.deb ...
#7 239.7 Unpacking libbsd0:amd64 (0.12.1-1build1.1) ...
#7 239.7 Selecting previously unselected package libelf1t64:amd64.
#7 239.7 Preparing to unpack .../09-libelf1t64_0.190-1.1ubuntu0.1_amd64.deb ...
#7 239.7 Unpacking libelf1t64:amd64 (0.190-1.1ubuntu0.1) ...
#7 239.7 Selecting previously unselected package libkrb5support0:amd64.
#7 239.7 Preparing to unpack .../10-libkrb5support0_1.20.1-6ubuntu2.6_amd64.deb ...
#7 239.7 Unpacking libkrb5support0:amd64 (1.20.1-6ubuntu2.6) ...
#7 239.8 Selecting previously unselected package libk5crypto3:amd64.
#7 239.8 Preparing to unpack .../11-libk5crypto3_1.20.1-6ubuntu2.6_amd64.deb ...
#7 239.8 Unpacking libk5crypto3:amd64 (1.20.1-6ubuntu2.6) ...
#7 239.8 Selecting previously unselected package libkeyutils1:amd64.
#7 239.8 Preparing to unpack .../12-libkeyutils1_1.6.3-3build1_amd64.deb ...
#7 239.8 Unpacking libkeyutils1:amd64 (1.6.3-3build1) ...
#7 239.8 Selecting previously unselected package libkrb5-3:amd64.
#7 239.8 Preparing to unpack .../13-libkrb5-3_1.20.1-6ubuntu2.6_amd64.deb ...
#7 239.8 Unpacking libkrb5-3:amd64 (1.20.1-6ubuntu2.6) ...
#7 239.9 Selecting previously unselected package libgssapi-krb5-2:amd64.
#7 239.9 Preparing to unpack .../14-libgssapi-krb5-2_1.20.1-6ubuntu2.6_amd64.deb ...
#7 239.9 Unpacking libgssapi-krb5-2:amd64 (1.20.1-6ubuntu2.6) ...
#7 239.9 Selecting previously unselected package libicu74:amd64.
#7 239.9 Preparing to unpack .../15-libicu74_74.2-1ubuntu3.1_amd64.deb ...
#7 239.9 Unpacking libicu74:amd64 (74.2-1ubuntu3.1) ...
#7 240.1 Selecting previously unselected package libxml2:amd64.
#7 240.2 Preparing to unpack .../16-libxml2_2.9.14+dfsg-1.3ubuntu3.6_amd64.deb ...
#7 240.2 Unpacking libxml2:amd64 (2.9.14+dfsg-1.3ubuntu3.6) ...
#7 240.2 Selecting previously unselected package python3-pkg-resources.
#7 240.2 Preparing to unpack .../17-python3-pkg-resources_68.1.2-2ubuntu1.2_all.deb ...
#7 240.2 Unpacking python3-pkg-resources (68.1.2-2ubuntu1.2) ...
#7 240.2 Selecting previously unselected package libdrm-common.
#7 240.2 Preparing to unpack .../18-libdrm-common_2.4.122-1~ubuntu0.24.04.1_all.deb ...
#7 240.2 Unpacking libdrm-common (2.4.122-1~ubuntu0.24.04.1) ...
#7 240.3 Selecting previously unselected package libdrm2:amd64.
#7 240.3 Preparing to unpack .../19-libdrm2_2.4.122-1~ubuntu0.24.04.1_amd64.deb ...
#7 240.3 Unpacking libdrm2:amd64 (2.4.122-1~ubuntu0.24.04.1) ...
#7 240.3 Selecting previously unselected package libedit2:amd64.
#7 240.3 Preparing to unpack .../20-libedit2_3.1-20230828-1build1_amd64.deb ...
#7 240.3 Unpacking libedit2:amd64 (3.1-20230828-1build1) ...
#7 240.3 Selecting previously unselected package libnghttp2-14:amd64.
#7 240.3 Preparing to unpack .../21-libnghttp2-14_1.59.0-1ubuntu0.2_amd64.deb ...
#7 240.4 Unpacking libnghttp2-14:amd64 (1.59.0-1ubuntu0.2) ...
#7 240.4 Selecting previously unselected package libpsl5t64:amd64.
#7 240.4 Preparing to unpack .../22-libpsl5t64_0.21.2-1.1build1_amd64.deb ...
#7 240.4 Unpacking libpsl5t64:amd64 (0.21.2-1.1build1) ...
#7 240.4 Selecting previously unselected package libsensors-config.
#7 240.4 Preparing to unpack .../23-libsensors-config_1%3a3.6.0-9build1_all.deb ...
#7 240.4 Unpacking libsensors-config (1:3.6.0-9build1) ...
#7 240.5 Selecting previously unselected package libsensors5:amd64.
#7 240.5 Preparing to unpack .../24-libsensors5_1%3a3.6.0-9build1_amd64.deb ...
#7 240.5 Unpacking libsensors5:amd64 (1:3.6.0-9build1) ...
#7 240.5 Selecting previously unselected package libxau6:amd64.
#7 240.5 Preparing to unpack .../25-libxau6_1%3a1.0.9-1build6_amd64.deb ...
#7 240.5 Unpacking libxau6:amd64 (1:1.0.9-1build6) ...
#7 240.5 Selecting previously unselected package libxdmcp6:amd64.
#7 240.5 Preparing to unpack .../26-libxdmcp6_1%3a1.1.3-0ubuntu6_amd64.deb ...
#7 240.5 Unpacking libxdmcp6:amd64 (1:1.1.3-0ubuntu6) ...
#7 240.6 Selecting previously unselected package libxcb1:amd64.
#7 240.6 Preparing to unpack .../27-libxcb1_1.15-1ubuntu2_amd64.deb ...
#7 240.6 Unpacking libxcb1:amd64 (1.15-1ubuntu2) ...
#7 240.6 Selecting previously unselected package libx11-data.
#7 240.6 Preparing to unpack .../28-libx11-data_2%3a1.8.7-1build1_all.deb ...
#7 240.6 Unpacking libx11-data (2:1.8.7-1build1) ...
#7 240.7 Selecting previously unselected package libx11-6:amd64.
#7 240.7 Preparing to unpack .../29-libx11-6_2%3a1.8.7-1build1_amd64.deb ...
#7 240.7 Unpacking libx11-6:amd64 (2:1.8.7-1build1) ...
#7 240.7 Selecting previously unselected package libxext6:amd64.
#7 240.7 Preparing to unpack .../30-libxext6_2%3a1.3.4-1build2_amd64.deb ...
#7 240.7 Unpacking libxext6:amd64 (2:1.3.4-1build2) ...
#7 240.8 Selecting previously unselected package wget.
#7 240.8 Preparing to unpack .../31-wget_1.21.4-1ubuntu4.1_amd64.deb ...
#7 240.8 Unpacking wget (1.21.4-1ubuntu4.1) ...
#7 240.8 Selecting previously unselected package xz-utils.
#7 240.8 Preparing to unpack .../32-xz-utils_5.6.1+really5.4.5-1ubuntu0.2_amd64.deb ...
#7 240.8 Unpacking xz-utils (5.6.1+really5.4.5-1ubuntu0.2) ...
#7 240.8 Selecting previously unselected package libbrotli1:amd64.
#7 240.8 Preparing to unpack .../33-libbrotli1_1.1.0-2build2_amd64.deb ...
#7 240.8 Unpacking libbrotli1:amd64 (1.1.0-2build2) ...
#7 240.9 Selecting previously unselected package libsasl2-modules-db:amd64.
#7 240.9 Preparing to unpack .../34-libsasl2-modules-db_2.1.28+dfsg1-5ubuntu3.1_amd64.deb ...
#7 240.9 Unpacking libsasl2-modules-db:amd64 (2.1.28+dfsg1-5ubuntu3.1) ...
#7 240.9 Selecting previously unselected package libsasl2-2:amd64.
#7 240.9 Preparing to unpack .../35-libsasl2-2_2.1.28+dfsg1-5ubuntu3.1_amd64.deb ...
#7 240.9 Unpacking libsasl2-2:amd64 (2.1.28+dfsg1-5ubuntu3.1) ...
#7 240.9 Selecting previously unselected package libldap2:amd64.
#7 240.9 Preparing to unpack .../36-libldap2_2.6.7+dfsg-1~exp1ubuntu8.2_amd64.deb ...
#7 240.9 Unpacking libldap2:amd64 (2.6.7+dfsg-1~exp1ubuntu8.2) ...
#7 241.0 Selecting previously unselected package librtmp1:amd64.
#7 241.0 Preparing to unpack .../37-librtmp1_2.4+20151223.gitfa8646d.1-2build7_amd64.deb ...
#7 241.0 Unpacking librtmp1:amd64 (2.4+20151223.gitfa8646d.1-2build7) ...
#7 241.0 Selecting previously unselected package libssh-4:amd64.
#7 241.0 Preparing to unpack .../38-libssh-4_0.10.6-2ubuntu0.2_amd64.deb ...
#7 241.0 Unpacking libssh-4:amd64 (0.10.6-2ubuntu0.2) ...
#7 241.1 Selecting previously unselected package libcurl3t64-gnutls:amd64.
#7 241.1 Preparing to unpack .../39-libcurl3t64-gnutls_8.5.0-2ubuntu10.6_amd64.deb ...
#7 241.1 Unpacking libcurl3t64-gnutls:amd64 (8.5.0-2ubuntu10.6) ...
#7 241.1 Selecting previously unselected package liberror-perl.
#7 241.1 Preparing to unpack .../40-liberror-perl_0.17029-2_all.deb ...
#7 241.1 Unpacking liberror-perl (0.17029-2) ...
#7 241.1 Selecting previously unselected package git-man.
#7 241.1 Preparing to unpack .../41-git-man_1%3a2.43.0-1ubuntu7.3_all.deb ...
#7 241.1 Unpacking git-man (1:2.43.0-1ubuntu7.3) ...
#7 241.2 Selecting previously unselected package git.
#7 241.2 Preparing to unpack .../42-git_1%3a2.43.0-1ubuntu7.3_amd64.deb ...
#7 241.2 Unpacking git (1:2.43.0-1ubuntu7.3) ...
#7 241.4 Selecting previously unselected package libdrm-amdgpu1:amd64.
#7 241.4 Preparing to unpack .../43-libdrm-amdgpu1_2.4.122-1~ubuntu0.24.04.1_amd64.deb ...
#7 241.4 Unpacking libdrm-amdgpu1:amd64 (2.4.122-1~ubuntu0.24.04.1) ...
#7 241.4 Selecting previously unselected package libpciaccess0:amd64.
#7 241.4 Preparing to unpack .../44-libpciaccess0_0.17-3ubuntu0.24.04.2_amd64.deb ...
#7 241.4 Unpacking libpciaccess0:amd64 (0.17-3ubuntu0.24.04.2) ...
#7 241.4 Selecting previously unselected package libdrm-intel1:amd64.
#7 241.4 Preparing to unpack .../45-libdrm-intel1_2.4.122-1~ubuntu0.24.04.1_amd64.deb ...
#7 241.4 Unpacking libdrm-intel1:amd64 (2.4.122-1~ubuntu0.24.04.1) ...
#7 241.5 Selecting previously unselected package libwayland-server0:amd64.
#7 241.5 Preparing to unpack .../46-libwayland-server0_1.22.0-2.1build1_amd64.deb ...
#7 241.5 Unpacking libwayland-server0:amd64 (1.22.0-2.1build1) ...
#7 241.5 Selecting previously unselected package libllvm20:amd64.
#7 241.5 Preparing to unpack .../47-libllvm20_1%3a20.1.2-0ubuntu1~24.04.2_amd64.deb ...
#7 241.5 Unpacking libllvm20:amd64 (1:20.1.2-0ubuntu1~24.04.2) ...
#7 242.2 Selecting previously unselected package libx11-xcb1:amd64.
#7 242.2 Preparing to unpack .../48-libx11-xcb1_2%3a1.8.7-1build1_amd64.deb ...
#7 242.2 Unpacking libx11-xcb1:amd64 (2:1.8.7-1build1) ...
#7 242.3 Selecting previously unselected package libxcb-dri3-0:amd64.
#7 242.3 Preparing to unpack .../49-libxcb-dri3-0_1.15-1ubuntu2_amd64.deb ...
#7 242.3 Unpacking libxcb-dri3-0:amd64 (1.15-1ubuntu2) ...
#7 242.3 Selecting previously unselected package libxcb-present0:amd64.
#7 242.3 Preparing to unpack .../50-libxcb-present0_1.15-1ubuntu2_amd64.deb ...
#7 242.3 Unpacking libxcb-present0:amd64 (1.15-1ubuntu2) ...
#7 242.3 Selecting previously unselected package libxcb-randr0:amd64.
#7 242.3 Preparing to unpack .../51-libxcb-randr0_1.15-1ubuntu2_amd64.deb ...
#7 242.3 Unpacking libxcb-randr0:amd64 (1.15-1ubuntu2) ...
#7 242.4 Selecting previously unselected package libxcb-sync1:amd64.
#7 242.4 Preparing to unpack .../52-libxcb-sync1_1.15-1ubuntu2_amd64.deb ...
#7 242.4 Unpacking libxcb-sync1:amd64 (1.15-1ubuntu2) ...
#7 242.4 Selecting previously unselected package libxcb-xfixes0:amd64.
#7 242.4 Preparing to unpack .../53-libxcb-xfixes0_1.15-1ubuntu2_amd64.deb ...
#7 242.4 Unpacking libxcb-xfixes0:amd64 (1.15-1ubuntu2) ...
#7 242.4 Selecting previously unselected package libxshmfence1:amd64.
#7 242.5 Preparing to unpack .../54-libxshmfence1_1.3-1build5_amd64.deb ...
#7 242.5 Unpacking libxshmfence1:amd64 (1.3-1build5) ...
#7 242.5 Selecting previously unselected package mesa-libgallium:amd64.
#7 242.5 Preparing to unpack .../55-mesa-libgallium_25.0.7-0ubuntu0.24.04.2_amd64.deb ...
#7 242.5 Unpacking mesa-libgallium:amd64 (25.0.7-0ubuntu0.24.04.2) ...
#7 242.7 Selecting previously unselected package libgbm1:amd64.
#7 242.7 Preparing to unpack .../56-libgbm1_25.0.7-0ubuntu0.24.04.2_amd64.deb ...
#7 242.7 Unpacking libgbm1:amd64 (25.0.7-0ubuntu0.24.04.2) ...
#7 242.8 Selecting previously unselected package libvulkan1:amd64.
#7 242.8 Preparing to unpack .../57-libvulkan1_1.3.275.0-1build1_amd64.deb ...
#7 242.8 Unpacking libvulkan1:amd64 (1.3.275.0-1build1) ...
#7 242.8 Selecting previously unselected package libgl1-mesa-dri:amd64.
#7 242.8 Preparing to unpack .../58-libgl1-mesa-dri_25.0.7-0ubuntu0.24.04.2_amd64.deb ...
#7 242.8 Unpacking libgl1-mesa-dri:amd64 (25.0.7-0ubuntu0.24.04.2) ...
#7 242.9 Selecting previously unselected package libxcb-glx0:amd64.
#7 242.9 Preparing to unpack .../59-libxcb-glx0_1.15-1ubuntu2_amd64.deb ...
#7 242.9 Unpacking libxcb-glx0:amd64 (1.15-1ubuntu2) ...
#7 242.9 Selecting previously unselected package libxcb-shm0:amd64.
#7 242.9 Preparing to unpack .../60-libxcb-shm0_1.15-1ubuntu2_amd64.deb ...
#7 242.9 Unpacking libxcb-shm0:amd64 (1.15-1ubuntu2) ...
#7 242.9 Selecting previously unselected package libxxf86vm1:amd64.
#7 242.9 Preparing to unpack .../61-libxxf86vm1_1%3a1.1.4-1build4_amd64.deb ...
#7 242.9 Unpacking libxxf86vm1:amd64 (1:1.1.4-1build4) ...
#7 243.0 Selecting previously unselected package libglx-mesa0:amd64.
#7 243.0 Preparing to unpack .../62-libglx-mesa0_25.0.7-0ubuntu0.24.04.2_amd64.deb ...
#7 243.0 Unpacking libglx-mesa0:amd64 (25.0.7-0ubuntu0.24.04.2) ...
#7 243.0 Selecting previously unselected package libxrender1:amd64.
#7 243.0 Preparing to unpack .../63-libxrender1_1%3a0.9.10-1.1build1_amd64.deb ...
#7 243.0 Unpacking libxrender1:amd64 (1:0.9.10-1.1build1) ...
#7 243.0 Selecting previously unselected package libxrandr2:amd64.
#7 243.0 Preparing to unpack .../64-libxrandr2_2%3a1.5.2-2build1_amd64.deb ...
#7 243.1 Unpacking libxrandr2:amd64 (2:1.5.2-2build1) ...
#7 243.1 Selecting previously unselected package python3-setuptools.
#7 243.1 Preparing to unpack .../65-python3-setuptools_68.1.2-2ubuntu1.2_all.deb ...
#7 243.1 Unpacking python3-setuptools (68.1.2-2ubuntu1.2) ...
#7 243.2 Selecting previously unselected package python3-wheel.
#7 243.2 Preparing to unpack .../66-python3-wheel_0.42.0-2_all.deb ...
#7 243.2 Unpacking python3-wheel (0.42.0-2) ...
#7 243.2 Selecting previously unselected package python3-pip.
#7 243.2 Preparing to unpack .../67-python3-pip_24.0+dfsg-1ubuntu1.3_all.deb ...
#7 243.2 Unpacking python3-pip (24.0+dfsg-1ubuntu1.3) ...
#7 243.3 Selecting previously unselected package libglvnd0:amd64.
#7 243.3 Preparing to unpack .../68-libglvnd0_1.7.0-1build1_amd64.deb ...
#7 243.3 Unpacking libglvnd0:amd64 (1.7.0-1build1) ...
#7 243.4 Selecting previously unselected package libglx0:amd64.
#7 243.4 Preparing to unpack .../69-libglx0_1.7.0-1build1_amd64.deb ...
#7 243.4 Unpacking libglx0:amd64 (1.7.0-1build1) ...
#7 243.4 Selecting previously unselected package libgl1:amd64.
#7 243.4 Preparing to unpack .../70-libgl1_1.7.0-1build1_amd64.deb ...
#7 243.4 Unpacking libgl1:amd64 (1.7.0-1build1) ...
#7 243.5 Setting up media-types (10.1.0) ...
#7 243.5 Setting up libwayland-server0:amd64 (1.22.0-2.1build1) ...
#7 243.5 Setting up libpciaccess0:amd64 (0.17-3ubuntu0.24.04.2) ...
#7 243.5 Setting up libxau6:amd64 (1:1.0.9-1build6) ...
#7 243.5 Setting up libkeyutils1:amd64 (1.6.3-3build1) ...
#7 243.5 Setting up libgdbm6t64:amd64 (1.23-5.1build1) ...
#7 243.5 Setting up libgdbm-compat4t64:amd64 (1.23-5.1build1) ...
#7 243.5 Setting up libglvnd0:amd64 (1.7.0-1build1) ...
#7 243.5 Setting up libbrotli1:amd64 (1.1.0-2build2) ...
#7 243.6 Setting up libsqlite3-0:amd64 (3.45.1-1ubuntu2.5) ...
#7 243.6 Setting up libsensors-config (1:3.6.0-9build1) ...
#7 243.6 Setting up libpsl5t64:amd64 (0.21.2-1.1build1) ...
#7 243.6 Setting up libnghttp2-14:amd64 (1.59.0-1ubuntu0.2) ...
#7 243.6 Setting up libelf1t64:amd64 (0.190-1.1ubuntu0.1) ...
#7 243.6 Setting up libkrb5support0:amd64 (1.20.1-6ubuntu2.6) ...
#7 243.6 Setting up libsasl2-modules-db:amd64 (2.1.28+dfsg1-5ubuntu3.1) ...
#7 243.6 Setting up tzdata (2025b-0ubuntu0.24.04.1) ...
#7 243.7 
#7 243.7 Current default time zone: 'Etc/UTC'
#7 243.7 Local time is now:      Tue Nov  4 15:09:58 UTC 2025.
#7 243.7 Universal Time is now:  Tue Nov  4 15:09:58 UTC 2025.
#7 243.7 Run 'dpkg-reconfigure tzdata' if you wish to change it.
#7 243.7 
#7 243.7 Setting up libx11-data (2:1.8.7-1build1) ...
#7 243.8 Setting up librtmp1:amd64 (2.4+20151223.gitfa8646d.1-2build7) ...
#7 243.8 Setting up xz-utils (5.6.1+really5.4.5-1ubuntu0.2) ...
#7 243.8 update-alternatives: using /usr/bin/xz to provide /usr/bin/lzma (lzma) in auto mode
#7 243.8 update-alternatives: warning: skip creation of /usr/share/man/man1/lzma.1.gz because associated file /usr/share/man/man1/xz.1.gz (of link group lzma) doesn't exist
#7 243.8 update-alternatives: warning: skip creation of /usr/share/man/man1/unlzma.1.gz because associated file /usr/share/man/man1/unxz.1.gz (of link group lzma) doesn't exist
#7 243.8 update-alternatives: warning: skip creation of /usr/share/man/man1/lzcat.1.gz because associated file /usr/share/man/man1/xzcat.1.gz (of link group lzma) doesn't exist
#7 243.8 update-alternatives: warning: skip creation of /usr/share/man/man1/lzmore.1.gz because associated file /usr/share/man/man1/xzmore.1.gz (of link group lzma) doesn't exist
#7 243.8 update-alternatives: warning: skip creation of /usr/share/man/man1/lzless.1.gz because associated file /usr/share/man/man1/xzless.1.gz (of link group lzma) doesn't exist
#7 243.8 update-alternatives: warning: skip creation of /usr/share/man/man1/lzdiff.1.gz because associated file /usr/share/man/man1/xzdiff.1.gz (of link group lzma) doesn't exist
#7 243.8 update-alternatives: warning: skip creation of /usr/share/man/man1/lzcmp.1.gz because associated file /usr/share/man/man1/xzcmp.1.gz (of link group lzma) doesn't exist
#7 243.8 update-alternatives: warning: skip creation of /usr/share/man/man1/lzgrep.1.gz because associated file /usr/share/man/man1/xzgrep.1.gz (of link group lzma) doesn't exist
#7 243.8 update-alternatives: warning: skip creation of /usr/share/man/man1/lzegrep.1.gz because associated file /usr/share/man/man1/xzegrep.1.gz (of link group lzma) doesn't exist
#7 243.8 update-alternatives: warning: skip creation of /usr/share/man/man1/lzfgrep.1.gz because associated file /usr/share/man/man1/xzfgrep.1.gz (of link group lzma) doesn't exist
#7 243.8 Setting up perl-modules-5.38 (5.38.2-3.2ubuntu0.2) ...
#7 243.8 Setting up libsensors5:amd64 (1:3.6.0-9build1) ...
#7 243.8 Setting up libk5crypto3:amd64 (1.20.1-6ubuntu2.6) ...
#7 243.8 Setting up libsasl2-2:amd64 (2.1.28+dfsg1-5ubuntu3.1) ...
#7 243.8 Setting up libvulkan1:amd64 (1.3.275.0-1build1) ...
#7 243.8 Setting up libicu74:amd64 (74.2-1ubuntu3.1) ...
#7 243.8 Setting up libxshmfence1:amd64 (1.3-1build5) ...
#7 243.9 Setting up git-man (1:2.43.0-1ubuntu7.3) ...
#7 243.9 Setting up netbase (6.4) ...
#7 243.9 Setting up libkrb5-3:amd64 (1.20.1-6ubuntu2.6) ...
#7 243.9 Setting up libperl5.38t64:amd64 (5.38.2-3.2ubuntu0.2) ...
#7 243.9 Setting up openssl (3.0.13-0ubuntu3.6) ...
#7 243.9 Setting up libbsd0:amd64 (0.12.1-1build1.1) ...
#7 243.9 Setting up libdrm-common (2.4.122-1~ubuntu0.24.04.1) ...
#7 243.9 Setting up readline-common (8.2-4build1) ...
#7 244.0 Setting up libxml2:amd64 (2.9.14+dfsg-1.3ubuntu3.6) ...
#7 244.0 Setting up libldap2:amd64 (2.6.7+dfsg-1~exp1ubuntu8.2) ...
#7 244.0 Setting up libxdmcp6:amd64 (1:1.1.3-0ubuntu6) ...
#7 244.0 Setting up libxcb1:amd64 (1.15-1ubuntu2) ...
#7 244.0 Setting up libxcb-xfixes0:amd64 (1.15-1ubuntu2) ...
#7 244.0 Setting up wget (1.21.4-1ubuntu4.1) ...
#7 244.0 Setting up libxcb-glx0:amd64 (1.15-1ubuntu2) ...
#7 244.0 Setting up libedit2:amd64 (3.1-20230828-1build1) ...
#7 244.0 Setting up libxcb-shm0:amd64 (1.15-1ubuntu2) ...
#7 244.0 Setting up libxcb-present0:amd64 (1.15-1ubuntu2) ...
#7 244.0 Setting up ca-certificates (20240203) ...
#7 244.6 Updating certificates in /etc/ssl/certs...
#7 245.3 146 added, 0 removed; done.
#7 245.4 Setting up perl (5.38.2-3.2ubuntu0.2) ...
#7 245.4 Setting up libxcb-sync1:amd64 (1.15-1ubuntu2) ...
#7 245.4 Setting up libgssapi-krb5-2:amd64 (1.20.1-6ubuntu2.6) ...
#7 245.4 Setting up libllvm20:amd64 (1:20.1.2-0ubuntu1~24.04.2) ...
#7 245.4 Setting up libssh-4:amd64 (0.10.6-2ubuntu0.2) ...
#7 245.4 Setting up libreadline8t64:amd64 (8.2-4build1) ...
#7 245.4 Setting up libdrm2:amd64 (2.4.122-1~ubuntu0.24.04.1) ...
#7 245.4 Setting up libxcb-randr0:amd64 (1.15-1ubuntu2) ...
#7 245.5 Setting up libx11-6:amd64 (2:1.8.7-1build1) ...
#7 245.5 Setting up libdrm-amdgpu1:amd64 (2.4.122-1~ubuntu0.24.04.1) ...
#7 245.5 Setting up libxcb-dri3-0:amd64 (1.15-1ubuntu2) ...
#7 245.5 Setting up libx11-xcb1:amd64 (2:1.8.7-1build1) ...
#7 245.5 Setting up libpython3.12-stdlib:amd64 (3.12.3-1ubuntu0.8) ...
#7 245.5 Setting up libxrender1:amd64 (1:0.9.10-1.1build1) ...
#7 245.5 Setting up python3.12 (3.12.3-1ubuntu0.8) ...
#7 246.4 Setting up libdrm-intel1:amd64 (2.4.122-1~ubuntu0.24.04.1) ...
#7 246.5 Setting up libcurl3t64-gnutls:amd64 (8.5.0-2ubuntu10.6) ...
#7 246.5 Setting up libxext6:amd64 (2:1.3.4-1build2) ...
#7 246.5 Setting up libxxf86vm1:amd64 (1:1.1.4-1build4) ...
#7 246.5 Setting up liberror-perl (0.17029-2) ...
#7 246.5 Setting up libxrandr2:amd64 (2:1.5.2-2build1) ...
#7 246.5 Setting up git (1:2.43.0-1ubuntu7.3) ...
#7 246.5 Setting up libpython3-stdlib:amd64 (3.12.3-0ubuntu2) ...
#7 246.5 Setting up mesa-libgallium:amd64 (25.0.7-0ubuntu0.24.04.2) ...
#7 246.5 Setting up libgbm1:amd64 (25.0.7-0ubuntu0.24.04.2) ...
#7 246.6 Setting up libgl1-mesa-dri:amd64 (25.0.7-0ubuntu0.24.04.2) ...
#7 246.6 Setting up python3 (3.12.3-0ubuntu2) ...
#7 246.7 Setting up python3-wheel (0.42.0-2) ...
#7 246.8 Setting up python3-pkg-resources (68.1.2-2ubuntu1.2) ...
#7 247.0 Setting up libglx-mesa0:amd64 (25.0.7-0ubuntu0.24.04.2) ...
#7 247.0 Setting up python3-setuptools (68.1.2-2ubuntu1.2) ...
#7 247.5 Setting up libglx0:amd64 (1.7.0-1build1) ...
#7 247.5 Setting up libgl1:amd64 (1.7.0-1build1) ...
#7 247.5 Setting up python3-pip (24.0+dfsg-1ubuntu1.3) ...
#7 249.6 Processing triggers for libc-bin (2.39-0ubuntu8.6) ...
#7 249.7 Processing triggers for ca-certificates (20240203) ...
#7 249.7 Updating certificates in /etc/ssl/certs...
#7 250.2 0 added, 0 removed; done.
#7 250.2 Running hooks in /etc/ca-certificates/update.d...
#7 250.2 done.
#7 DONE 250.5s

#8 [ 4/12] RUN mkdir -p /opt/blender
#8 DONE 0.3s

#9 [ 5/12] WORKDIR /opt/blender
#9 DONE 0.1s

#10 [ 6/12] RUN wget -q "https://download.blender.org/release/Blender4.2/blender-4.2.14-linux-x64.tar.xz"     && tar -xf blender-4.2.14-linux-x64.tar.xz     && rm blender-4.2.14-linux-x64.tar.xz     && mv blender-4.2.14-linux-x64 /opt/blender/current
#10 DONE 1958.2s

#11 [ 7/12] WORKDIR /app
#11 DONE 0.1s

#12 [ 8/12] COPY server/ /app/server
#12 DONE 0.1s

#13 [ 9/12] COPY agent/ /app/blender_agent
#13 DONE 0.0s

#14 [10/12] RUN pip3 install --no-cache-dir -r /app/server/requirements.txt || true
#14 0.653 error: externally-managed-environment
#14 0.653 
#14 0.653 × This environment is externally managed
#14 0.653 ╰─> To install Python packages system-wide, try apt install
#14 0.653     python3-xyz, where xyz is the package you are trying to
#14 0.653     install.
#14 0.653     
#14 0.653     If you wish to install a non-Debian-packaged Python package,
#14 0.653     create a virtual environment using python3 -m venv path/to/venv.
#14 0.653     Then use path/to/venv/bin/python and path/to/venv/bin/pip. Make
#14 0.653     sure you have python3-full installed.
#14 0.653     
#14 0.653     If you wish to install a non-Debian packaged Python application,
#14 0.653     it may be easiest to use pipx install xyz, which will manage a
#14 0.653     virtual environment for you. Make sure you have pipx installed.
#14 0.653     
#14 0.653     See /usr/share/doc/python3.12/README.venv for more information.
#14 0.653 
#14 0.653 note: If you believe this is a mistake, please contact your Python installation or OS distribution provider. You can override this, at the risk of breaking your Python installation or OS, by passing --break-system-packages.
#14 0.653 hint: See PEP 668 for the detailed specification.
#14 DONE 0.7s

#15 [11/12] COPY server/startup.sh /app/startup.sh
#15 DONE 0.1s

#16 [12/12] RUN chmod +x /app/startup.sh
#16 DONE 0.2s

#17 exporting to image
#17 exporting layers
#17 exporting layers 36.2s done
#17 exporting manifest sha256:82e10638f35ce18bf99032ac8e814f1cf519d88fdc03ea907de32dda1667c6cc done
#17 exporting config sha256:ac1771f10862e6e0c3868d57d78fab1ac5f625b65c2b7e5b5c2aff03e39ebecc done
#17 exporting attestation manifest sha256:3542a2ab23f648a5002b1742dad8ab1648fec133c9142ff997a4139a757123e5 0.0s done
#17 exporting manifest list sha256:452f5d435591225765ee9077b6028920ce890102efe1acab89cf04bb028c34fc done
#17 naming to docker.io/library/blender-ai-debug:latest done
#17 unpacking to docker.io/library/blender-ai-debug:latest
#17 unpacking to docker.io/library/blender-ai-debug:latest 8.1s done
#17 DONE 44.4s
